[     402ms] [WARNING] document.domain mutation is ignored because the surrounding agent cluster is origin-keyed. @ https://docs.qq.com/sheet/DUFVCWkdsRU5BdEhH?right_flag=1&tab=BB08J3:119
[     666ms] [WARNING] 初始化拦截器-2.0 @ https://docs.gtimg.com/sheet/js/initial_vendors_tencent_2.054afb5aa02958eb.js:0
[     667ms] [INFO] ----- re add user index @ https://docs.gtimg.com/sheet/js/initial_vendors_tencent_2.054afb5aa02958eb.js:0
[     667ms] [WARNING] 初始化拦截器-2.0 @ https://docs.gtimg.com/sheet/js/initial_vendors_tencent_2.054afb5aa02958eb.js:0
[     785ms] [WARNING] 没有 mqq，无法使用 support bridge！ @ https://docs.gtimg.com/sheet/js/initial_vendors_public_2.3131f59e8396b41b.js:67
[     830ms] [LOG] %c表格 display:inline-block;background-color:#2a65f5;color:#fff;padding:2px 4px;font-size:14px; @ https://docs.gtimg.com/sheet/js/11163.7cf60e381b4eb1ca.js:0
[     831ms] [LOG] %c数据版本%c3.0.0 display:inline-block;background-color:#e07800;color:#fff;padding:2px 4px;font-size:12px; display:inline-block;background-color:rgba(69, 77, 90, 0.6);color:#fff;padding:2px 4px;font-size:12px; @ https://docs.gtimg.com/sheet/js/11163.7cf60e381b4eb1ca.js:0
[     831ms] [LOG] %c代码版本%c3.0.29778193 display:inline-block;background-color:#e07800;color:#fff;padding:2px 4px;font-size:12px; display:inline-block;background-color:rgba(69, 77, 90, 0.6);color:#fff;padding:2px 4px;font-size:12px; @ https://docs.gtimg.com/sheet/js/11163.7cf60e381b4eb1ca.js:0
[     831ms] [LOG] %c分支版本%chotfix-20260814_1511-aa5bb969 display:inline-block;background-color:#e07800;color:#fff;padding:2px 4px;font-size:12px; display:inline-block;background-color:rgba(69, 77, 90, 0.6);color:#fff;padding:2px 4px;font-size:12px;  @ https://docs.gtimg.com/sheet/js/11163.7cf60e381b4eb1ca.js:0
[     831ms] [LOG] %c温馨提示：请勿在此控制台输入来源不明的代码，以免您的文档数据或账号信息遭到泄漏 display:inline-block;background-color:#e02424;color:#fff;padding:2px 4px;font-size:14px; @ https://docs.gtimg.com/sheet/js/11163.7cf60e381b4eb1ca.js:0
[     834ms] [INFO] [2026-08-19T07:37:09.943] [INFO ] [LifecycleScheduler] - lifecycle scheduler starup @ https://docs.gtimg.com/sheet/js/initial_vendors_public_2.3131f59e8396b41b.js:67
[     867ms] [ERROR] Failed to load resource: net::ERR_FAILED @ chrome-extension://invalid/:0
[     870ms] [ERROR] Failed to load resource: net::ERR_FAILED @ chrome-extension://invalid/:0
[     871ms] [ERROR] Failed to load resource: net::ERR_FAILED @ chrome-extension://invalid/:0
[     879ms] [ERROR] Failed to load resource: the server responded with a status of 404 () @ https://docs.qq.com/assets/jquery/api100.js?type=1:0
[     922ms] [ERROR] Failed to load resource: net::ERR_FAILED @ chrome-extension://invalid/:0
[     924ms] [ERROR] Failed to load resource: net::ERR_FAILED @ chrome-extension://invalid/:0
[    1057ms] [ERROR] Failed to load resource: net::ERR_FAILED @ chrome-extension://invalid/:0
[    1158ms] [ERROR] Failed to load resource: net::ERR_FAILED @ chrome-extension://invalid/:0
[    1508ms] [TABLE] {dep: / /} @ https://staticfile.qq.com/qimei/qimeisdk-web/0.9.5/index.js:1
[    5867ms] [ERROR] Failed to load resource: net::ERR_FAILED @ chrome-extension://invalid/:0
[    6049ms] [ERROR] Failed to load resource: the server responded with a status of 404 () @ https://docs.qq.com/assets/jquery/api100.js?type=1:0
[    6208ms] [ERROR] Failed to load resource: net::ERR_FAILED @ chrome-extension://invalid/:0
[    6212ms] [ERROR] Failed to load resource: net::ERR_FAILED @ chrome-extension://invalid/:0
[    6448ms] [ERROR] Failed to load resource: net::ERR_FAILED @ chrome-extension://invalid/:0
[    6450ms] [ERROR] Failed to load resource: net::ERR_FAILED @ chrome-extension://invalid/:0
[    6686ms] [ERROR] Failed to load resource: net::ERR_FAILED @ chrome-extension://invalid/:0
[    7569ms] [TABLE] {dep: / /} @ https://staticfile.qq.com/qimei/qimeisdk-web/0.9.5/index.js:1
[    8822ms] [ERROR] Connecting to 'https://cube.weixinbridge.com/cube/report/reportbizdata?f=json' violates the following Content Security Policy directive: "connect-src 'self' blob: wss: tdocs: *.url.cn *.qq.com *.gtimg.com *.idqqimg.com *.gtimg.cn cdn-go.cn *.cdn-go.cn *.tencentcs.com *.myqcloud.com *.tencent-cloud.com *.tencentsuite.com *.tencent.com *.qqmail.com *.woa.com:* *.sogou.com *.sogoucdn.com tdocs.processon.com test-tdocs.processon.com www.processon.com activity.kugou.com www.canva.cn www.canva.com *.bilibili.com app.yinxiang.com *.modao.cc www.yuntucad.com m.weibo.cn mastergo.com *.dycharts.com *.figma.com *.mockplus.cn pgdt.gtimg.cn adsmind.gdtimg.com *.rdt.tfogc.com:49156 http://127.0.0.1:* *.hdslb.com *.qpic.cn *.feishu.cn www.xiaohongshu.com *.weiyun.com". The action has been blocked. @ https://docs.gtimg.com/lib/js/aegis_v2-0ca2fa.js:0
[    9386ms] [WARNING] Canvas2D: Multiple readback operations using getImageData are faster with the willReadFrequently attribute set to true. See: https://html.spec.whatwg.org/multipage/canvas.html#concept-canvas-will-read-frequently @ https://docs.gtimg.com/sheet/js/initial_core_4.c7d2e97b8928bb70.js:1
[    9460ms] [INFO] %cINFO%cTDWebOffice 2026/08/19 07:37:18 display:inline-block;background-color:#1e6fff;color:#fff;padding:2px 4px; display:inline-block;background-color:rgba(69, 77, 90, 0.6);color:#fff;padding:2px 4px; 
web-office-application version: 1.2.3 @ https://docs.gtimg.com/sheet/js/sentry.351a5c01ba13c063.js:9
[    9991ms] [ERROR] Connecting to 'https://cube.weixinbridge.com/cube/report/reportbizdata?f=json' violates the following Content Security Policy directive: "connect-src 'self' blob: wss: tdocs: *.url.cn *.qq.com *.gtimg.com *.idqqimg.com *.gtimg.cn cdn-go.cn *.cdn-go.cn *.tencentcs.com *.myqcloud.com *.tencent-cloud.com *.tencentsuite.com *.tencent.com *.qqmail.com *.woa.com:* *.sogou.com *.sogoucdn.com tdocs.processon.com test-tdocs.processon.com www.processon.com activity.kugou.com www.canva.cn www.canva.com *.bilibili.com app.yinxiang.com *.modao.cc www.yuntucad.com m.weibo.cn mastergo.com *.dycharts.com *.figma.com *.mockplus.cn pgdt.gtimg.cn adsmind.gdtimg.com *.rdt.tfogc.com:49156 http://127.0.0.1:* *.hdslb.com *.qpic.cn *.feishu.cn www.xiaohongshu.com *.weiyun.com". The action has been blocked. @ https://docs.gtimg.com/lib/js/aegis_v2-0ca2fa.js:0
[   16786ms] [ERROR] 加载 AppConfig 配置出错 @ https://docs.gtimg.com/sheet/js/public-worker.00e31a7f327bb8fd.js?:0
[   22959ms] [INFO] [2026-08-19T07:37:32.067] [INFO ] [readonly-tips] - component bootstrap @ https://docs.gtimg.com/sheet/js/sentry.351a5c01ba13c063.js:9
[   22960ms] [INFO] [2026-08-19T07:37:32.068] [INFO ] [readonly-tips] - show readonly-tips @ https://docs.gtimg.com/sheet/js/sentry.351a5c01ba13c063.js:9
[   23733ms] [INFO] [title] - The title on this page is applying styles from tbs. @ https://docs.gtimg.com/sheet/js/sentry.351a5c01ba13c063.js:9
[   24021ms] [INFO] [2026-08-19T07:37:33.129] [INFO ] [docs-component-ad] - both of uid and posId are required to fetch ad. get uid:  posId: 1305 @ https://docs.gtimg.com/sheet/js/sentry.351a5c01ba13c063.js:9
[   28205ms] [ERROR] Failed to load resource: the server responded with a status of 400 (Bad Request) @ https://at.idqqimg.com/api/v1/open/report:0
[   28207ms] [WARNING] [wl]socket_roomstatechange_CONNECTING_v3超过主动上报次数，忽略本次上报 @ https://docs.qq.com/scenario/pub/wl2/browser-backend-worker-1.51.0.js:1
[   28803ms] [ERROR] Failed to load resource: the server responded with a status of 400 (Bad Request) @ https://at.idqqimg.com/api/v1/open/report:0
[   28812ms] [WARNING] [wl]socket_roomstatechange_SHUTDOWN_v3超过主动上报次数，忽略本次上报 @ https://docs.qq.com/scenario/pub/wl2/browser-backend-worker-1.51.0.js:1
[   28813ms] [ERROR] Failed to load resource: the server responded with a status of 400 (Bad Request) @ https://at.idqqimg.com/api/v1/open/report:0
[   28815ms] [WARNING] [wl]galileo_k_main_thread_sheet_has_formula超过主动上报次数，忽略本次上报 @ https://docs.qq.com/scenario/pub/wl2/browser-backend-worker-1.51.0.js:1
[   28816ms] [ERROR] Failed to load resource: the server responded with a status of 400 (Bad Request) @ https://at.idqqimg.com/api/v1/open/report:0
[   28816ms] [WARNING] [wl]galileo_k_calc_thread_need_calc超过主动上报次数，忽略本次上报 @ https://docs.qq.com/scenario/pub/wl2/browser-backend-worker-1.51.0.js:1
[   28817ms] [ERROR] Failed to load resource: the server responded with a status of 400 (Bad Request) @ https://at.idqqimg.com/api/v1/open/report:0
[   28822ms] [WARNING] [wl]galileo_k_calc_thread_consumer_task超过主动上报次数，忽略本次上报 @ https://docs.qq.com/scenario/pub/wl2/browser-backend-worker-1.51.0.js:1
[   28823ms] [ERROR] Failed to load resource: the server responded with a status of 400 (Bad Request) @ https://at.idqqimg.com/api/v1/open/report:0
[   28824ms] [WARNING] [wl]galileo_k_main_thread_formula_result_use_source超过主动上报次数，忽略本次上报 @ https://docs.qq.com/scenario/pub/wl2/browser-backend-worker-1.51.0.js:1
[   36697ms] [INFO] [2026-08-19T07:37:45.806] [INFO ] [help-center] - help-center component show @ https://docs.gtimg.com/sheet/js/sentry.351a5c01ba13c063.js:9
[   36843ms] [ERROR] Connecting to 'https://cube.weixinbridge.com/cube/report/reportbizdata?f=json' violates the following Content Security Policy directive: "connect-src 'self' blob: wss: tdocs: *.url.cn *.qq.com *.gtimg.com *.idqqimg.com *.gtimg.cn cdn-go.cn *.cdn-go.cn *.tencentcs.com *.myqcloud.com *.tencent-cloud.com *.tencentsuite.com *.tencent.com *.qqmail.com *.woa.com:* *.sogou.com *.sogoucdn.com tdocs.processon.com test-tdocs.processon.com www.processon.com activity.kugou.com www.canva.cn www.canva.com *.bilibili.com app.yinxiang.com *.modao.cc www.yuntucad.com m.weibo.cn mastergo.com *.dycharts.com *.figma.com *.mockplus.cn pgdt.gtimg.cn adsmind.gdtimg.com *.rdt.tfogc.com:49156 http://127.0.0.1:* *.hdslb.com *.qpic.cn *.feishu.cn www.xiaohongshu.com *.weiyun.com". The action has been blocked. @ https://docs.gtimg.com/lib/js/aegis_v2-0ca2fa.js:0
[   38556ms] [ERROR] Connecting to 'https://cube.weixinbridge.com/cube/report/reportbizdata?f=json' violates the following Content Security Policy directive: "connect-src 'self' blob: wss: tdocs: *.url.cn *.qq.com *.gtimg.com *.idqqimg.com *.gtimg.cn cdn-go.cn *.cdn-go.cn *.tencentcs.com *.myqcloud.com *.tencent-cloud.com *.tencentsuite.com *.tencent.com *.qqmail.com *.woa.com:* *.sogou.com *.sogoucdn.com tdocs.processon.com test-tdocs.processon.com www.processon.com activity.kugou.com www.canva.cn www.canva.com *.bilibili.com app.yinxiang.com *.modao.cc www.yuntucad.com m.weibo.cn mastergo.com *.dycharts.com *.figma.com *.mockplus.cn pgdt.gtimg.cn adsmind.gdtimg.com *.rdt.tfogc.com:49156 http://127.0.0.1:* *.hdslb.com *.qpic.cn *.feishu.cn www.xiaohongshu.com *.weiyun.com". The action has been blocked. @ https://docs.gtimg.com/lib/js/aegis_v2-0ca2fa.js:0
[   43336ms] [ERROR] Failed to load resource: the server responded with a status of 400 (Bad Request) @ https://at.idqqimg.com/api/v1/open/report:0
[   43337ms] [WARNING] [wl]galileo_k_quality_doc-excel_detail-open_time_cost超过主动上报次数，忽略本次上报 @ https://docs.qq.com/scenario/pub/wl2/browser-backend-worker-1.51.0.js:1
[   43338ms] [ERROR] Failed to load resource: the server responded with a status of 400 (Bad Request) @ https://at.idqqimg.com/api/v1/open/report:0
[   43338ms] [WARNING] [wl]galileo_k_5s打开成功率超过主动上报次数，忽略本次上报 @ https://docs.qq.com/scenario/pub/wl2/browser-backend-worker-1.51.0.js:1
[   43343ms] [WARNING] [wl]FIRST_SCREEN_TIME_IN_5S_v3超过主动上报次数，忽略本次上报 @ https://docs.qq.com/scenario/pub/wl2/browser-backend-worker-1.51.0.js:1
[   43469ms] [INFO] %c[common-loader](localStorageSize) running color: green; @ https://docs.gtimg.com/sheet/js/sentry.351a5c01ba13c063.js:9
[   43474ms] [INFO] %c[common-loader](shareInfo) running color: green; @ https://docs.gtimg.com/sheet/js/sentry.351a5c01ba13c063.js:9
[   43475ms] [INFO] %c[common-loader](showTips) running color: green; @ https://docs.gtimg.com/sheet/js/sentry.351a5c01ba13c063.js:9
[   43552ms] [INFO] %c[common-loader](navigateDesktopClient) running color: green; @ https://docs.gtimg.com/sheet/js/sentry.351a5c01ba13c063.js:9
[   43618ms] [ERROR] Connecting to 'https://cube.weixinbridge.com/cube/report/reportbizdata?f=json' violates the following Content Security Policy directive: "connect-src 'self' blob: wss: tdocs: *.url.cn *.qq.com *.gtimg.com *.idqqimg.com *.gtimg.cn cdn-go.cn *.cdn-go.cn *.tencentcs.com *.myqcloud.com *.tencent-cloud.com *.tencentsuite.com *.tencent.com *.qqmail.com *.woa.com:* *.sogou.com *.sogoucdn.com tdocs.processon.com test-tdocs.processon.com www.processon.com activity.kugou.com www.canva.cn www.canva.com *.bilibili.com app.yinxiang.com *.modao.cc www.yuntucad.com m.weibo.cn mastergo.com *.dycharts.com *.figma.com *.mockplus.cn pgdt.gtimg.cn adsmind.gdtimg.com *.rdt.tfogc.com:49156 http://127.0.0.1:* *.hdslb.com *.qpic.cn *.feishu.cn www.xiaohongshu.com *.weiyun.com". The action has been blocked. @ https://docs.gtimg.com/lib/js/aegis_v2-0ca2fa.js:0
[   43625ms] [INFO] %c[common-loader](copilotOnboarding) running color: green; @ https://docs.gtimg.com/sheet/js/sentry.351a5c01ba13c063.js:9
[   44731ms] [TABLE] [l, l, l, l, l, l, l, l, l, l, l, l, l, l, l, l, l, l, l, l, l, l, l, l, l, l, l, l, l, l, l, l, l, l, l] @ https://docs.gtimg.com/sheet/js/page-main.5ff8fa1350159dbf.js:79
[   44886ms] [ERROR] Failed to load resource: the server responded with a status of 400 (Bad Request) @ https://at.idqqimg.com/api/v1/open/report:0
[   44887ms] [WARNING] [wl]galileo_k_首屏打开信息超过主动上报次数，忽略本次上报 @ https://docs.qq.com/scenario/pub/wl2/browser-backend-worker-1.51.0.js:1
