[    4520ms] [WARNING] document.domain mutation is ignored because the surrounding agent cluster is origin-keyed. @ https://docs.qq.com/sheet/DUFVCWkdsRU5BdEhH?right_flag=1&tab=BB08J3:119
[    5431ms] [ERROR] Failed to load resource: net::ERR_FAILED @ chrome-extension://invalid/:0
[    5485ms] [WARNING] 初始化拦截器-2.0 @ https://docs.gtimg.com/sheet/js/initial_vendors_tencent_2.054afb5aa02958eb.js:0
[    5486ms] [INFO] ----- re add user index @ https://docs.gtimg.com/sheet/js/initial_vendors_tencent_2.054afb5aa02958eb.js:0
[    5487ms] [WARNING] 初始化拦截器-2.0 @ https://docs.gtimg.com/sheet/js/initial_vendors_tencent_2.054afb5aa02958eb.js:0
[    5583ms] [WARNING] 没有 mqq，无法使用 support bridge！ @ https://docs.gtimg.com/sheet/js/initial_vendors_public_2.3131f59e8396b41b.js:67
[    5669ms] [LOG] %c表格 display:inline-block;background-color:#2a65f5;color:#fff;padding:2px 4px;font-size:14px; @ https://docs.gtimg.com/sheet/js/11163.7cf60e381b4eb1ca.js:0
[    5674ms] [LOG] %c数据版本%c3.0.0 display:inline-block;background-color:#e07800;color:#fff;padding:2px 4px;font-size:12px; display:inline-block;background-color:rgba(69, 77, 90, 0.6);color:#fff;padding:2px 4px;font-size:12px; @ https://docs.gtimg.com/sheet/js/11163.7cf60e381b4eb1ca.js:0
[    5674ms] [LOG] %c代码版本%c3.0.29778193 display:inline-block;background-color:#e07800;color:#fff;padding:2px 4px;font-size:12px; display:inline-block;background-color:rgba(69, 77, 90, 0.6);color:#fff;padding:2px 4px;font-size:12px; @ https://docs.gtimg.com/sheet/js/11163.7cf60e381b4eb1ca.js:0
[    5674ms] [LOG] %c分支版本%chotfix-20260814_1511-aa5bb969 display:inline-block;background-color:#e07800;color:#fff;padding:2px 4px;font-size:12px; display:inline-block;background-color:rgba(69, 77, 90, 0.6);color:#fff;padding:2px 4px;font-size:12px;  @ https://docs.gtimg.com/sheet/js/11163.7cf60e381b4eb1ca.js:0
[    5675ms] [LOG] %c温馨提示：请勿在此控制台输入来源不明的代码，以免您的文档数据或账号信息遭到泄漏 display:inline-block;background-color:#e02424;color:#fff;padding:2px 4px;font-size:14px; @ https://docs.gtimg.com/sheet/js/11163.7cf60e381b4eb1ca.js:0
[    5682ms] [INFO] [2026-08-19T07:36:01.454] [INFO ] [LifecycleScheduler] - lifecycle scheduler starup @ https://docs.gtimg.com/sheet/js/initial_vendors_public_2.3131f59e8396b41b.js:67
[    5711ms] [ERROR] Failed to load resource: net::ERR_FAILED @ chrome-extension://invalid/:0
[    5715ms] [ERROR] Failed to load resource: net::ERR_FAILED @ chrome-extension://invalid/:0
[    5717ms] [ERROR] Failed to load resource: the server responded with a status of 404 () @ https://docs.qq.com/assets/jquery/api100.js?type=1:0
[    5726ms] [ERROR] Failed to load resource: net::ERR_FAILED @ chrome-extension://invalid/:0
[    5727ms] [ERROR] Failed to load resource: net::ERR_FAILED @ chrome-extension://invalid/:0
[    5735ms] [ERROR] Failed to load resource: net::ERR_FAILED @ chrome-extension://invalid/:0
[    5741ms] [ERROR] Failed to load resource: net::ERR_FAILED @ chrome-extension://invalid/:0
[    8412ms] [TABLE] {dep: / /} @ https://staticfile.qq.com/qimei/qimeisdk-web/0.9.5/index.js:1
[    8984ms] [WARNING] Canvas2D: Multiple readback operations using getImageData are faster with the willReadFrequently attribute set to true. See: https://html.spec.whatwg.org/multipage/canvas.html#concept-canvas-will-read-frequently @ https://docs.gtimg.com/sheet/js/initial_core_4.c7d2e97b8928bb70.js:1
[    9058ms] [INFO] %cINFO%cTDWebOffice 2026/08/19 07:36:04 display:inline-block;background-color:#1e6fff;color:#fff;padding:2px 4px; display:inline-block;background-color:rgba(69, 77, 90, 0.6);color:#fff;padding:2px 4px; 
web-office-application version: 1.2.3 @ https://docs.gtimg.com/sheet/js/sentry.351a5c01ba13c063.js:9
[    9451ms] [ERROR] Failed to load resource: net::ERR_FAILED @ chrome-extension://invalid/:0
[    9533ms] [ERROR] Failed to load resource: net::ERR_FAILED @ chrome-extension://invalid/:0
[    9535ms] [ERROR] Failed to load resource: net::ERR_FAILED @ chrome-extension://invalid/:0
[    9538ms] [ERROR] Failed to load resource: net::ERR_FAILED @ chrome-extension://invalid/:0
[    9541ms] [ERROR] Failed to load resource: net::ERR_FAILED @ chrome-extension://invalid/:0
[    9552ms] [ERROR] Failed to load resource: net::ERR_FAILED @ chrome-extension://invalid/:0
[    9566ms] [ERROR] Failed to load resource: the server responded with a status of 404 () @ https://docs.qq.com/assets/jquery/api100.js?type=1:0
[    9747ms] [TABLE] {dep: / /} @ https://staticfile.qq.com/qimei/qimeisdk-web/0.9.5/index.js:1
[   10392ms] [ERROR] 加载 AppConfig 配置出错 @ https://docs.gtimg.com/sheet/js/public-worker.00e31a7f327bb8fd.js?:0
[   12814ms] [INFO] [2026-08-19T07:36:08.586] [INFO ] [readonly-tips] - component bootstrap @ https://docs.gtimg.com/sheet/js/sentry.351a5c01ba13c063.js:9
[   12816ms] [INFO] [2026-08-19T07:36:08.587] [INFO ] [readonly-tips] - show readonly-tips @ https://docs.gtimg.com/sheet/js/sentry.351a5c01ba13c063.js:9
[   13164ms] [INFO] [2026-08-19T07:36:08.936] [INFO ] [docs-component-ad] - both of uid and posId are required to fetch ad. get uid:  posId: 1305 @ https://docs.gtimg.com/sheet/js/sentry.351a5c01ba13c063.js:9
[   13193ms] [INFO] [title] - The title on this page is applying styles from tbs. @ https://docs.gtimg.com/sheet/js/sentry.351a5c01ba13c063.js:9
[   13326ms] [ERROR] Failed to load resource: the server responded with a status of 400 (Bad Request) @ https://at.idqqimg.com/api/v1/open/report:0
[   13327ms] [ERROR] Failed to load resource: the server responded with a status of 400 (Bad Request) @ https://at.idqqimg.com/api/v1/open/report:0
[   13328ms] [WARNING] [wl]socket_roomstatechange_CONNECTING_v3超过主动上报次数，忽略本次上报 @ https://docs.qq.com/scenario/pub/wl2/browser-backend-worker-1.51.0.js:1
[   13328ms] [WARNING] [wl]socket_roomstatechange_SHUTDOWN_v3超过主动上报次数，忽略本次上报 @ https://docs.qq.com/scenario/pub/wl2/browser-backend-worker-1.51.0.js:1
[   13343ms] [ERROR] Failed to load resource: the server responded with a status of 400 (Bad Request) @ https://at.idqqimg.com/api/v1/open/report:0
[   13344ms] [ERROR] Failed to load resource: the server responded with a status of 400 (Bad Request) @ https://at.idqqimg.com/api/v1/open/report:0
[   13344ms] [WARNING] [wl]galileo_k_calc_thread_need_calc超过主动上报次数，忽略本次上报 @ https://docs.qq.com/scenario/pub/wl2/browser-backend-worker-1.51.0.js:1
[   13345ms] [WARNING] [wl]galileo_k_main_thread_sheet_has_formula超过主动上报次数，忽略本次上报 @ https://docs.qq.com/scenario/pub/wl2/browser-backend-worker-1.51.0.js:1
[   13346ms] [ERROR] Failed to load resource: the server responded with a status of 400 (Bad Request) @ https://at.idqqimg.com/api/v1/open/report:0
[   13346ms] [WARNING] [wl]galileo_k_main_thread_formula_result_use_source超过主动上报次数，忽略本次上报 @ https://docs.qq.com/scenario/pub/wl2/browser-backend-worker-1.51.0.js:1
[   13347ms] [ERROR] Failed to load resource: the server responded with a status of 400 (Bad Request) @ https://at.idqqimg.com/api/v1/open/report:0
[   13347ms] [WARNING] [wl]galileo_k_calc_thread_consumer_task超过主动上报次数，忽略本次上报 @ https://docs.qq.com/scenario/pub/wl2/browser-backend-worker-1.51.0.js:1
[   13886ms] [INFO] [2026-08-19T07:36:09.658] [INFO ] [help-center] - help-center component show @ https://docs.gtimg.com/sheet/js/sentry.351a5c01ba13c063.js:9
[   14393ms] [ERROR] Failed to load resource: the server responded with a status of 400 (Bad Request) @ https://at.idqqimg.com/api/v1/open/report:0
[   14394ms] [ERROR] Failed to load resource: the server responded with a status of 400 (Bad Request) @ https://at.idqqimg.com/api/v1/open/report:0
[   14396ms] [WARNING] [wl]galileo_k_5s打开成功率超过主动上报次数，忽略本次上报 @ https://docs.qq.com/scenario/pub/wl2/browser-backend-worker-1.51.0.js:1
[   14396ms] [WARNING] [wl]galileo_k_quality_doc-excel_detail-open_time_cost超过主动上报次数，忽略本次上报 @ https://docs.qq.com/scenario/pub/wl2/browser-backend-worker-1.51.0.js:1
[   14406ms] [WARNING] [wl]FIRST_SCREEN_TIME_IN_5S_v3超过主动上报次数，忽略本次上报 @ https://docs.qq.com/scenario/pub/wl2/browser-backend-worker-1.51.0.js:1
[   14440ms] [TABLE] [l, l, l, l, l, l, l, l, l, l, l, l, l, l, l, l, l, l, l, l, l, l, l, l, l, l, l, l, l, l, l, l, l, l] @ https://docs.gtimg.com/sheet/js/page-main.5ff8fa1350159dbf.js:79
[   14521ms] [ERROR] Failed to load resource: the server responded with a status of 400 (Bad Request) @ https://at.idqqimg.com/api/v1/open/report:0
[   14522ms] [WARNING] [wl]galileo_k_首屏打开信息超过主动上报次数，忽略本次上报 @ https://docs.qq.com/scenario/pub/wl2/browser-backend-worker-1.51.0.js:1
[   14630ms] [INFO] %c[common-loader](localStorageSize) running color: green; @ https://docs.gtimg.com/sheet/js/sentry.351a5c01ba13c063.js:9
[   14650ms] [INFO] %c[common-loader](showTips) running color: green; @ https://docs.gtimg.com/sheet/js/sentry.351a5c01ba13c063.js:9
[   14665ms] [INFO] %c[common-loader](shareInfo) running color: green; @ https://docs.gtimg.com/sheet/js/sentry.351a5c01ba13c063.js:9
[   14698ms] [INFO] %c[common-loader](navigateDesktopClient) running color: green; @ https://docs.gtimg.com/sheet/js/sentry.351a5c01ba13c063.js:9
[   14701ms] [INFO] %c[common-loader](copilotOnboarding) running color: green; @ https://docs.gtimg.com/sheet/js/sentry.351a5c01ba13c063.js:9
